======================================================================
╥┼╤╥: ╟ряєёъ PE-Їрщыр т Ёрёёыюхээющ ¤ьєы Ўшш
======================================================================

[*] ╚эшЎшрышчрЎш  Ёрёёыюхээюую ¤ьєы ЄюЁр...

[*] ╟руЁєчър PE: demos/time_check_demo.exe
[*] ╟руЁєчър PE: demos/time_check_demo.exe
[*] ImageBase: 0x140000000
[*] EntryPoint: 0x140001524
[*] ╤хъЎшщ: 6
[*] ┬√фхыхэю ярь Єш: 159,744 срщЄ

[*] ╟руЁєчър ёхъЎшщ:
    .text        0x140001000  84,480 срщЄ
    .rdata       0x140016000  44,032 срщЄ
    .data        0x140021000  3,072 срщЄ
    .pdata       0x140023000  5,120 срщЄ
    .fptable     0x140025000  512 срщЄ
    .reloc       0x140026000  2,048 срщЄ

[*] ╬сЁрсюЄър шьяюЁЄют:
    [*] ┬√фхыхэю фы  IAT: 0x280016000 - 0x280016240 (4,096 срщЄ)
    DLL: KERNEL32.dll
      [+] GetTickCount64                 @ 0x280016000 -> 0x7fff0100
      [+] QueryPerformanceCounter        @ 0x280016008 -> 0x7fff0200
      [?] GetCurrentProcessId            @ 0x280016010 -> dummy
      [?] GetCurrentThreadId             @ 0x280016018 -> dummy
      [+] GetSystemTimeAsFileTime        @ 0x280016020 -> 0x7fff0600
      [?] InitializeSListHead            @ 0x280016028 -> dummy
      [?] SetUnhandledExceptionFilter    @ 0x280016030 -> dummy
      [?] GetStartupInfoW                @ 0x280016038 -> dummy
      [?] GetModuleHandleW               @ 0x280016040 -> dummy
      [?] WriteConsoleW                  @ 0x280016048 -> dummy
      [?] RtlUnwindEx                    @ 0x280016050 -> dummy
      [?] GetLastError                   @ 0x280016058 -> dummy
      [?] SetLastError                   @ 0x280016060 -> dummy
      [?] FlsAlloc                       @ 0x280016068 -> dummy
      [?] FlsGetValue                    @ 0x280016070 -> dummy
      [?] FlsSetValue                    @ 0x280016078 -> dummy
      [?] FlsFree                        @ 0x280016080 -> dummy
      [?] EnterCriticalSection           @ 0x280016088 -> dummy
      [?] LeaveCriticalSection           @ 0x280016090 -> dummy
      [?] InitializeCriticalSectionEx    @ 0x280016098 -> dummy
      [?] DeleteCriticalSection          @ 0x2800160a0 -> dummy
      [?] RtlLookupFunctionEntry         @ 0x2800160a8 -> dummy
      [?] EncodePointer                  @ 0x2800160b0 -> dummy
      [?] RaiseException                 @ 0x2800160b8 -> dummy
      [?] RtlPcToFileHeader              @ 0x2800160c0 -> dummy
      [?] GetStdHandle                   @ 0x2800160c8 -> dummy
      [?] WriteFile                      @ 0x2800160d0 -> dummy
      [?] GetModuleFileNameW             @ 0x2800160d8 -> dummy
      [?] GetCurrentProcess              @ 0x2800160e0 -> dummy
      [+] ExitProcess                    @ 0x2800160e8 -> 0x7fff0d00
      [?] TerminateProcess               @ 0x2800160f0 -> dummy
      [?] FreeLibrary                    @ 0x2800160f8 -> dummy
      [?] GetModuleHandleExW             @ 0x280016100 -> dummy
      [?] GetProcAddress                 @ 0x280016108 -> dummy
      [?] GetCommandLineA                @ 0x280016110 -> dummy
      [?] GetCommandLineW                @ 0x280016118 -> dummy
      [?] IsProcessorFeaturePresent      @ 0x280016120 -> dummy
      [?] RtlCaptureContext              @ 0x280016128 -> dummy
      [?] RtlVirtualUnwind               @ 0x280016130 -> dummy
      [?] IsDebuggerPresent              @ 0x280016138 -> dummy
      [?] UnhandledExceptionFilter       @ 0x280016140 -> dummy
      [?] HeapAlloc                      @ 0x280016148 -> dummy
      [?] HeapFree                       @ 0x280016150 -> dummy
      [?] VirtualProtect                 @ 0x280016158 -> dummy
      [?] LoadLibraryExW                 @ 0x280016160 -> dummy
      [?] CompareStringW                 @ 0x280016168 -> dummy
      [?] LCMapStringW                   @ 0x280016170 -> dummy
      [?] GetFileType                    @ 0x280016178 -> dummy
      [?] FindClose                      @ 0x280016180 -> dummy
      [?] FindFirstFileExW               @ 0x280016188 -> dummy
      [?] FindNextFileW                  @ 0x280016190 -> dummy
      [?] IsValidCodePage                @ 0x280016198 -> dummy
      [?] GetACP                         @ 0x2800161a0 -> dummy
      [?] GetOEMCP                       @ 0x2800161a8 -> dummy
      [?] GetCPInfo                      @ 0x2800161b0 -> dummy
      [?] MultiByteToWideChar            @ 0x2800161b8 -> dummy
      [?] WideCharToMultiByte            @ 0x2800161c0 -> dummy
      [?] GetEnvironmentStringsW         @ 0x2800161c8 -> dummy
      [?] FreeEnvironmentStringsW        @ 0x2800161d0 -> dummy
      [?] SetEnvironmentVariableW        @ 0x2800161d8 -> dummy
      [?] SetStdHandle                   @ 0x2800161e0 -> dummy
      [?] GetStringTypeW                 @ 0x2800161e8 -> dummy
      [?] GetProcessHeap                 @ 0x2800161f0 -> dummy
      [?] FlushFileBuffers               @ 0x2800161f8 -> dummy
      [?] GetConsoleOutputCP             @ 0x280016200 -> dummy
      [?] GetConsoleMode                 @ 0x280016208 -> dummy
      [?] GetFileSizeEx                  @ 0x280016210 -> dummy
      [?] SetFilePointerEx               @ 0x280016218 -> dummy
      [?] HeapSize                       @ 0x280016220 -> dummy
      [?] HeapReAlloc                    @ 0x280016228 -> dummy
      [?] CloseHandle                    @ 0x280016230 -> dummy
      [?] CreateFileW                    @ 0x280016238 -> dummy

    [*] ╚ьяюЁЄют: 72, ярЄўхэю: 4

[*] ╤Єхъ: 0x1ff000
[OK] PE чруЁєцхэ єёях°эю

[*] Entry point: 0x140001524
[*] Image base: 0x140000000

[*] ╟ряєёъ ¤ьєы Ўшш...

[*] ╟ряєёъ ¤ьєы Ўшш ё рфЁхёр 0x140001524
[*] ═рўры№эюх ёюёЄю эшх: VirtualClock(ticks=0, ms=0, freq=3000 MHz)
----------------------------------------------------------------------

[!] ╬°шсър ¤ьєы Ўшш: Invalid memory fetch (UC_ERR_FETCH_UNMAPPED)
[!] RIP: 0x205a0
----------------------------------------------------------------------

[*] ▌ьєы Ўш  чртхЁ°хэр
[*] ╩юэхўэюх ёюёЄю эшх: VirtualClock(ticks=13, ms=0, freq=3000 MHz)
[*] ╚эёЄЁєъЎшщ т√яюыэхэю: 13
[*] ╤шёЄхьэ√ї т√чютют: 0

[*] ╩юф тючтЁрЄр: 47936899621426

[?] ═хюцшфрээ√щ ъюф тючтЁрЄр: 47936899621426
